[pytest_configure] sys.path: ['/Users/13ruce/spock/tests', '/Users/13ruce/spock', '/Users/13ruce/anaconda3/lib/python312.zip']
[pytest_configure] Successfully imported cli.utils.database
============================= test session starts ==============================
platform darwin -- Python 3.12.11, pytest-8.4.2, pluggy-1.5.0 -- /Users/13ruce/anaconda3/bin/python3
cachedir: .pytest_cache
metadata: {'Python': '3.12.11', 'Platform': 'macOS-15.6.1-arm64-arm-64bit', 'Packages': {'pytest': '8.4.2', 'pluggy': '1.5.0'}, 'Plugins': {'html': '4.1.1', 'xdist': '3.8.0', 'timeout': '2.4.0', 'metadata': '3.1.1', 'asyncio': '0.21.1', 'anyio': '4.10.0', 'benchmark': '5.1.0', 'rerunfailures': '16.1', 'cov': '7.0.0'}}
benchmark: 5.1.0 (defaults: timer=time.perf_counter disable_gc=False min_rounds=5 min_time=0.000005 max_time=1.0 calibration_precision=10 warmup=False warmup_iterations=100000)
rootdir: /Users/13ruce/spock
configfile: pytest.ini
plugins: html-4.1.1, xdist-3.8.0, timeout-2.4.0, metadata-3.1.1, asyncio-0.21.1, anyio-4.10.0, benchmark-5.1.0, rerunfailures-16.1, cov-7.0.0
asyncio: mode=Mode.STRICT
collecting ... collected 1195 items / 21 errors

==================================== ERRORS ====================================
_________________ ERROR collecting tests/test_auto_cleanup.py __________________
ImportError while importing test module '/Users/13ruce/spock/tests/test_auto_cleanup.py'.
Hint: make sure your test modules/packages have valid Python names.
Traceback:
../anaconda3/lib/python3.12/site-packages/_pytest/python.py:498: in importtestmodule
    mod = import_path(
../anaconda3/lib/python3.12/site-packages/_pytest/pathlib.py:587: in import_path
    importlib.import_module(module_name)
../anaconda3/lib/python3.12/importlib/__init__.py:90: in import_module
    return _bootstrap._gcd_import(name[level:], package, level)
           ^^^^^^^^^^^^^^^^^^^^^^^^^^^^^^^^^^^^^^^^^^^^^^^^^^^^
<frozen importlib._bootstrap>:1387: in _gcd_import
    ???
<frozen importlib._bootstrap>:1360: in _find_and_load
    ???
<frozen importlib._bootstrap>:1331: in _find_and_load_unlocked
    ???
<frozen importlib._bootstrap>:935: in _load_unlocked
    ???
../anaconda3/lib/python3.12/site-packages/_pytest/assertion/rewrite.py:186: in exec_module
    exec(co, module.__dict__)
tests/test_auto_cleanup.py:20: in <module>
    from spock import SpockOrchestrator, ExecutionConfig, ExecutionMode, RiskLevel, PipelineResult
E   ModuleNotFoundError: No module named 'spock'
___________ ERROR collecting tests/test_earnings_momentum_factor.py ____________
ImportError while importing test module '/Users/13ruce/spock/tests/test_earnings_momentum_factor.py'.
Hint: make sure your test modules/packages have valid Python names.
Traceback:
../anaconda3/lib/python3.12/site-packages/_pytest/python.py:498: in importtestmodule
    mod = import_path(
../anaconda3/lib/python3.12/site-packages/_pytest/pathlib.py:587: in import_path
    importlib.import_module(module_name)
../anaconda3/lib/python3.12/importlib/__init__.py:90: in import_module
    return _bootstrap._gcd_import(name[level:], package, level)
           ^^^^^^^^^^^^^^^^^^^^^^^^^^^^^^^^^^^^^^^^^^^^^^^^^^^^
<frozen importlib._bootstrap>:1387: in _gcd_import
    ???
<frozen importlib._bootstrap>:1360: in _find_and_load
    ???
<frozen importlib._bootstrap>:1331: in _find_and_load_unlocked
    ???
<frozen importlib._bootstrap>:935: in _load_unlocked
    ???
../anaconda3/lib/python3.12/site-packages/_pytest/assertion/rewrite.py:186: in exec_module
    exec(co, module.__dict__)
tests/test_earnings_momentum_factor.py:21: in <module>
    from modules.factors.momentum_factors import EarningsMomentumFactor
modules/factors/__init__.py:67: in <module>
    from .value_factors import (
E   ImportError: cannot import name 'PERatioFactor' from 'modules.factors.value_factors' (/Users/13ruce/spock/modules/factors/value_factors.py)
________________ ERROR collecting tests/test_factor_combiner.py ________________
ImportError while importing test module '/Users/13ruce/spock/tests/test_factor_combiner.py'.
Hint: make sure your test modules/packages have valid Python names.
Traceback:
../anaconda3/lib/python3.12/site-packages/_pytest/python.py:498: in importtestmodule
    mod = import_path(
../anaconda3/lib/python3.12/site-packages/_pytest/pathlib.py:587: in import_path
    importlib.import_module(module_name)
../anaconda3/lib/python3.12/importlib/__init__.py:90: in import_module
    return _bootstrap._gcd_import(name[level:], package, level)
           ^^^^^^^^^^^^^^^^^^^^^^^^^^^^^^^^^^^^^^^^^^^^^^^^^^^^
<frozen importlib._bootstrap>:1387: in _gcd_import
    ???
<frozen importlib._bootstrap>:1360: in _find_and_load
    ???
<frozen importlib._bootstrap>:1331: in _find_and_load_unlocked
    ???
<frozen importlib._bootstrap>:935: in _load_unlocked
    ???
../anaconda3/lib/python3.12/site-packages/_pytest/assertion/rewrite.py:186: in exec_module
    exec(co, module.__dict__)
tests/test_factor_combiner.py:25: in <module>
    from modules.factors.factor_combiner import (
modules/factors/__init__.py:67: in <module>
    from .value_factors import (
E   ImportError: cannot import name 'PERatioFactor' from 'modules.factors.value_factors' (/Users/13ruce/spock/modules/factors/value_factors.py)
____________________ ERROR collecting tests/test_factors.py ____________________
ImportError while importing test module '/Users/13ruce/spock/tests/test_factors.py'.
Hint: make sure your test modules/packages have valid Python names.
Traceback:
../anaconda3/lib/python3.12/site-packages/_pytest/python.py:498: in importtestmodule
    mod = import_path(
../anaconda3/lib/python3.12/site-packages/_pytest/pathlib.py:587: in import_path
    importlib.import_module(module_name)
../anaconda3/lib/python3.12/importlib/__init__.py:90: in import_module
    return _bootstrap._gcd_import(name[level:], package, level)
           ^^^^^^^^^^^^^^^^^^^^^^^^^^^^^^^^^^^^^^^^^^^^^^^^^^^^
<frozen importlib._bootstrap>:1387: in _gcd_import
    ???
<frozen importlib._bootstrap>:1360: in _find_and_load
    ???
<frozen importlib._bootstrap>:1331: in _find_and_load_unlocked
    ???
<frozen importlib._bootstrap>:935: in _load_unlocked
    ???
../anaconda3/lib/python3.12/site-packages/_pytest/assertion/rewrite.py:186: in exec_module
    exec(co, module.__dict__)
tests/test_factors.py:28: in <module>
    from modules.factors import (
modules/factors/__init__.py:67: in <module>
    from .value_factors import (
E   ImportError: cannot import name 'PERatioFactor' from 'modules.factors.value_factors' (/Users/13ruce/spock/modules/factors/value_factors.py)
______________ ERROR collecting tests/test_filtering_pipeline.py _______________
ImportError while importing test module '/Users/13ruce/spock/tests/test_filtering_pipeline.py'.
Hint: make sure your test modules/packages have valid Python names.
Traceback:
../anaconda3/lib/python3.12/site-packages/_pytest/python.py:498: in importtestmodule
    mod = import_path(
../anaconda3/lib/python3.12/site-packages/_pytest/pathlib.py:587: in import_path
    importlib.import_module(module_name)
../anaconda3/lib/python3.12/importlib/__init__.py:90: in import_module
    return _bootstrap._gcd_import(name[level:], package, level)
           ^^^^^^^^^^^^^^^^^^^^^^^^^^^^^^^^^^^^^^^^^^^^^^^^^^^^
<frozen importlib._bootstrap>:1387: in _gcd_import
    ???
<frozen importlib._bootstrap>:1360: in _find_and_load
    ???
<frozen importlib._bootstrap>:1331: in _find_and_load_unlocked
    ???
<frozen importlib._bootstrap>:935: in _load_unlocked
    ???
../anaconda3/lib/python3.12/site-packages/_pytest/assertion/rewrite.py:186: in exec_module
    exec(co, module.__dict__)
tests/test_filtering_pipeline.py:18: in <module>
    from modules.scanner import StockScanner
E   ModuleNotFoundError: No module named 'modules.scanner'
___________ ERROR collecting tests/test_growth_efficiency_factors.py ___________
ImportError while importing test module '/Users/13ruce/spock/tests/test_growth_efficiency_factors.py'.
Hint: make sure your test modules/packages have valid Python names.
Traceback:
../anaconda3/lib/python3.12/site-packages/_pytest/python.py:498: in importtestmodule
    mod = import_path(
../anaconda3/lib/python3.12/site-packages/_pytest/pathlib.py:587: in import_path
    importlib.import_module(module_name)
../anaconda3/lib/python3.12/importlib/__init__.py:90: in import_module
    return _bootstrap._gcd_import(name[level:], package, level)
           ^^^^^^^^^^^^^^^^^^^^^^^^^^^^^^^^^^^^^^^^^^^^^^^^^^^^
<frozen importlib._bootstrap>:1387: in _gcd_import
    ???
<frozen importlib._bootstrap>:1360: in _find_and_load
    ???
<frozen importlib._bootstrap>:1331: in _find_and_load_unlocked
    ???
<frozen importlib._bootstrap>:935: in _load_unlocked
    ???
../anaconda3/lib/python3.12/site-packages/_pytest/assertion/rewrite.py:186: in exec_module
    exec(co, module.__dict__)
tests/test_growth_efficiency_factors.py:24: in <module>
    from modules.factors import (
modules/factors/__init__.py:67: in <module>
    from .value_factors import (
E   ImportError: cannot import name 'PERatioFactor' from 'modules.factors.value_factors' (/Users/13ruce/spock/modules/factors/value_factors.py)
____________ ERROR collecting tests/test_independence_validator.py _____________
ImportError while importing test module '/Users/13ruce/spock/tests/test_independence_validator.py'.
Hint: make sure your test modules/packages have valid Python names.
Traceback:
../anaconda3/lib/python3.12/site-packages/_pytest/python.py:498: in importtestmodule
    mod = import_path(
../anaconda3/lib/python3.12/site-packages/_pytest/pathlib.py:587: in import_path
    importlib.import_module(module_name)
../anaconda3/lib/python3.12/importlib/__init__.py:90: in import_module
    return _bootstrap._gcd_import(name[level:], package, level)
           ^^^^^^^^^^^^^^^^^^^^^^^^^^^^^^^^^^^^^^^^^^^^^^^^^^^^
<frozen importlib._bootstrap>:1387: in _gcd_import
    ???
<frozen importlib._bootstrap>:1360: in _find_and_load
    ???
<frozen importlib._bootstrap>:1331: in _find_and_load_unlocked
    ???
<frozen importlib._bootstrap>:935: in _load_unlocked
    ???
../anaconda3/lib/python3.12/site-packages/_pytest/assertion/rewrite.py:186: in exec_module
    exec(co, module.__dict__)
tests/test_independence_validator.py:15: in <module>
    from modules.factors.independence_validator import IndependenceValidator
modules/factors/__init__.py:67: in <module>
    from .value_factors import (
E   ImportError: cannot import name 'PERatioFactor' from 'modules.factors.value_factors' (/Users/13ruce/spock/modules/factors/value_factors.py)
____________ ERROR collecting tests/test_kis_authentication_day1.py ____________
ImportError while importing test module '/Users/13ruce/spock/tests/test_kis_authentication_day1.py'.
Hint: make sure your test modules/packages have valid Python names.
Traceback:
../anaconda3/lib/python3.12/site-packages/_pytest/python.py:498: in importtestmodule
    mod = import_path(
../anaconda3/lib/python3.12/site-packages/_pytest/pathlib.py:587: in import_path
    importlib.import_module(module_name)
../anaconda3/lib/python3.12/importlib/__init__.py:90: in import_module
    return _bootstrap._gcd_import(name[level:], package, level)
           ^^^^^^^^^^^^^^^^^^^^^^^^^^^^^^^^^^^^^^^^^^^^^^^^^^^^
<frozen importlib._bootstrap>:1387: in _gcd_import
    ???
<frozen importlib._bootstrap>:1360: in _find_and_load
    ???
<frozen importlib._bootstrap>:1331: in _find_and_load_unlocked
    ???
<frozen importlib._bootstrap>:935: in _load_unlocked
    ???
../anaconda3/lib/python3.12/site-packages/_pytest/assertion/rewrite.py:186: in exec_module
    exec(co, module.__dict__)
tests/test_kis_authentication_day1.py:19: in <module>
    from modules.kis_trading_engine import KISAPIClient
E   ModuleNotFoundError: No module named 'modules.kis_trading_engine'
____________ ERROR collecting tests/test_kis_price_and_buy_day2.py _____________
ImportError while importing test module '/Users/13ruce/spock/tests/test_kis_price_and_buy_day2.py'.
Hint: make sure your test modules/packages have valid Python names.
Traceback:
../anaconda3/lib/python3.12/site-packages/_pytest/python.py:498: in importtestmodule
    mod = import_path(
../anaconda3/lib/python3.12/site-packages/_pytest/pathlib.py:587: in import_path
    importlib.import_module(module_name)
../anaconda3/lib/python3.12/importlib/__init__.py:90: in import_module
    return _bootstrap._gcd_import(name[level:], package, level)
           ^^^^^^^^^^^^^^^^^^^^^^^^^^^^^^^^^^^^^^^^^^^^^^^^^^^^
<frozen importlib._bootstrap>:1387: in _gcd_import
    ???
<frozen importlib._bootstrap>:1360: in _find_and_load
    ???
<frozen importlib._bootstrap>:1331: in _find_and_load_unlocked
    ???
<frozen importlib._bootstrap>:935: in _load_unlocked
    ???
../anaconda3/lib/python3.12/site-packages/_pytest/assertion/rewrite.py:186: in exec_module
    exec(co, module.__dict__)
tests/test_kis_price_and_buy_day2.py:18: in <module>
    from modules.kis_trading_engine import KISAPIClient
E   ModuleNotFoundError: No module named 'modules.kis_trading_engine'
_________ ERROR collecting tests/test_kis_sell_and_integration_day3.py _________
ImportError while importing test module '/Users/13ruce/spock/tests/test_kis_sell_and_integration_day3.py'.
Hint: make sure your test modules/packages have valid Python names.
Traceback:
../anaconda3/lib/python3.12/site-packages/_pytest/python.py:498: in importtestmodule
    mod = import_path(
../anaconda3/lib/python3.12/site-packages/_pytest/pathlib.py:587: in import_path
    importlib.import_module(module_name)
../anaconda3/lib/python3.12/importlib/__init__.py:90: in import_module
    return _bootstrap._gcd_import(name[level:], package, level)
           ^^^^^^^^^^^^^^^^^^^^^^^^^^^^^^^^^^^^^^^^^^^^^^^^^^^^
<frozen importlib._bootstrap>:1387: in _gcd_import
    ???
<frozen importlib._bootstrap>:1360: in _find_and_load
    ???
<frozen importlib._bootstrap>:1331: in _find_and_load_unlocked
    ???
<frozen importlib._bootstrap>:935: in _load_unlocked
    ???
../anaconda3/lib/python3.12/site-packages/_pytest/assertion/rewrite.py:186: in exec_module
    exec(co, module.__dict__)
tests/test_kis_sell_and_integration_day3.py:18: in <module>
    from modules.kis_trading_engine import KISAPIClient
E   ModuleNotFoundError: No module named 'modules.kis_trading_engine'
______________ ERROR collecting tests/test_kis_trading_engine.py _______________
ImportError while importing test module '/Users/13ruce/spock/tests/test_kis_trading_engine.py'.
Hint: make sure your test modules/packages have valid Python names.
Traceback:
../anaconda3/lib/python3.12/site-packages/_pytest/python.py:498: in importtestmodule
    mod = import_path(
../anaconda3/lib/python3.12/site-packages/_pytest/pathlib.py:587: in import_path
    importlib.import_module(module_name)
../anaconda3/lib/python3.12/importlib/__init__.py:90: in import_module
    return _bootstrap._gcd_import(name[level:], package, level)
           ^^^^^^^^^^^^^^^^^^^^^^^^^^^^^^^^^^^^^^^^^^^^^^^^^^^^
<frozen importlib._bootstrap>:1387: in _gcd_import
    ???
<frozen importlib._bootstrap>:1360: in _find_and_load
    ???
<frozen importlib._bootstrap>:1331: in _find_and_load_unlocked
    ???
<frozen importlib._bootstrap>:935: in _load_unlocked
    ???
../anaconda3/lib/python3.12/site-packages/_pytest/assertion/rewrite.py:186: in exec_module
    exec(co, module.__dict__)
tests/test_kis_trading_engine.py:20: in <module>
    from modules.kis_trading_engine import (
E   ModuleNotFoundError: No module named 'modules.kis_trading_engine'
_____________ ERROR collecting tests/test_performance_benchmark.py _____________
ImportError while importing test module '/Users/13ruce/spock/tests/test_performance_benchmark.py'.
Hint: make sure your test modules/packages have valid Python names.
Traceback:
../anaconda3/lib/python3.12/site-packages/_pytest/python.py:498: in importtestmodule
    mod = import_path(
../anaconda3/lib/python3.12/site-packages/_pytest/pathlib.py:587: in import_path
    importlib.import_module(module_name)
../anaconda3/lib/python3.12/importlib/__init__.py:90: in import_module
    return _bootstrap._gcd_import(name[level:], package, level)
           ^^^^^^^^^^^^^^^^^^^^^^^^^^^^^^^^^^^^^^^^^^^^^^^^^^^^
<frozen importlib._bootstrap>:1387: in _gcd_import
    ???
<frozen importlib._bootstrap>:1360: in _find_and_load
    ???
<frozen importlib._bootstrap>:1331: in _find_and_load_unlocked
    ???
<frozen importlib._bootstrap>:935: in _load_unlocked
    ???
../anaconda3/lib/python3.12/site-packages/_pytest/assertion/rewrite.py:186: in exec_module
    exec(co, module.__dict__)
tests/test_performance_benchmark.py:29: in <module>
    from modules.stock_pre_filter import StockPreFilter
modules/stock_pre_filter.py:32: in <module>
    from modules.integrated_scoring_system import IntegratedScoringSystem
E   ModuleNotFoundError: No module named 'modules.integrated_scoring_system'
______________ ERROR collecting tests/test_phase5_integration.py _______________
ImportError while importing test module '/Users/13ruce/spock/tests/test_phase5_integration.py'.
Hint: make sure your test modules/packages have valid Python names.
Traceback:
../anaconda3/lib/python3.12/site-packages/_pytest/python.py:498: in importtestmodule
    mod = import_path(
../anaconda3/lib/python3.12/site-packages/_pytest/pathlib.py:587: in import_path
    importlib.import_module(module_name)
../anaconda3/lib/python3.12/importlib/__init__.py:90: in import_module
    return _bootstrap._gcd_import(name[level:], package, level)
           ^^^^^^^^^^^^^^^^^^^^^^^^^^^^^^^^^^^^^^^^^^^^^^^^^^^^
<frozen importlib._bootstrap>:1387: in _gcd_import
    ???
<frozen importlib._bootstrap>:1360: in _find_and_load
    ???
<frozen importlib._bootstrap>:1331: in _find_and_load_unlocked
    ???
<frozen importlib._bootstrap>:935: in _load_unlocked
    ???
../anaconda3/lib/python3.12/site-packages/_pytest/assertion/rewrite.py:186: in exec_module
    exec(co, module.__dict__)
tests/test_phase5_integration.py:26: in <module>
    from modules.integrated_scoring_system import IntegratedScoringSystem
E   ModuleNotFoundError: No module named 'modules.integrated_scoring_system'
_______________ ERROR collecting tests/test_portfolio_manager.py _______________
ImportError while importing test module '/Users/13ruce/spock/tests/test_portfolio_manager.py'.
Hint: make sure your test modules/packages have valid Python names.
Traceback:
../anaconda3/lib/python3.12/site-packages/_pytest/python.py:498: in importtestmodule
    mod = import_path(
../anaconda3/lib/python3.12/site-packages/_pytest/pathlib.py:587: in import_path
    importlib.import_module(module_name)
../anaconda3/lib/python3.12/importlib/__init__.py:90: in import_module
    return _bootstrap._gcd_import(name[level:], package, level)
           ^^^^^^^^^^^^^^^^^^^^^^^^^^^^^^^^^^^^^^^^^^^^^^^^^^^^
<frozen importlib._bootstrap>:1387: in _gcd_import
    ???
<frozen importlib._bootstrap>:1360: in _find_and_load
    ???
<frozen importlib._bootstrap>:1331: in _find_and_load_unlocked
    ???
<frozen importlib._bootstrap>:935: in _load_unlocked
    ???
../anaconda3/lib/python3.12/site-packages/_pytest/assertion/rewrite.py:186: in exec_module
    exec(co, module.__dict__)
tests/test_portfolio_manager.py:23: in <module>
    from modules.portfolio_manager import (
E   ModuleNotFoundError: No module named 'modules.portfolio_manager'
________________ ERROR collecting tests/test_quality_factors.py ________________
ImportError while importing test module '/Users/13ruce/spock/tests/test_quality_factors.py'.
Hint: make sure your test modules/packages have valid Python names.
Traceback:
../anaconda3/lib/python3.12/site-packages/_pytest/python.py:498: in importtestmodule
    mod = import_path(
../anaconda3/lib/python3.12/site-packages/_pytest/pathlib.py:587: in import_path
    importlib.import_module(module_name)
../anaconda3/lib/python3.12/importlib/__init__.py:90: in import_module
    return _bootstrap._gcd_import(name[level:], package, level)
           ^^^^^^^^^^^^^^^^^^^^^^^^^^^^^^^^^^^^^^^^^^^^^^^^^^^^
<frozen importlib._bootstrap>:1387: in _gcd_import
    ???
<frozen importlib._bootstrap>:1360: in _find_and_load
    ???
<frozen importlib._bootstrap>:1331: in _find_and_load_unlocked
    ???
<frozen importlib._bootstrap>:935: in _load_unlocked
    ???
../anaconda3/lib/python3.12/site-packages/_pytest/assertion/rewrite.py:186: in exec_module
    exec(co, module.__dict__)
tests/test_quality_factors.py:24: in <module>
    from modules.factors.quality_factors import (
modules/factors/__init__.py:67: in <module>
    from .value_factors import (
E   ImportError: cannot import name 'PERatioFactor' from 'modules.factors.value_factors' (/Users/13ruce/spock/modules/factors/value_factors.py)
_______________ ERROR collecting tests/test_scanner_blacklist.py _______________
ImportError while importing test module '/Users/13ruce/spock/tests/test_scanner_blacklist.py'.
Hint: make sure your test modules/packages have valid Python names.
Traceback:
../anaconda3/lib/python3.12/site-packages/_pytest/python.py:498: in importtestmodule
    mod = import_path(
../anaconda3/lib/python3.12/site-packages/_pytest/pathlib.py:587: in import_path
    importlib.import_module(module_name)
../anaconda3/lib/python3.12/importlib/__init__.py:90: in import_module
    return _bootstrap._gcd_import(name[level:], package, level)
           ^^^^^^^^^^^^^^^^^^^^^^^^^^^^^^^^^^^^^^^^^^^^^^^^^^^^
<frozen importlib._bootstrap>:1387: in _gcd_import
    ???
<frozen importlib._bootstrap>:1360: in _find_and_load
    ???
<frozen importlib._bootstrap>:1331: in _find_and_load_unlocked
    ???
<frozen importlib._bootstrap>:935: in _load_unlocked
    ???
../anaconda3/lib/python3.12/site-packages/_pytest/assertion/rewrite.py:186: in exec_module
    exec(co, module.__dict__)
tests/test_scanner_blacklist.py:29: in <module>
    from modules.scanner import StockScanner
E   ModuleNotFoundError: No module named 'modules.scanner'
_________________ ERROR collecting tests/test_size_factors.py __________________
ImportError while importing test module '/Users/13ruce/spock/tests/test_size_factors.py'.
Hint: make sure your test modules/packages have valid Python names.
Traceback:
../anaconda3/lib/python3.12/site-packages/_pytest/python.py:498: in importtestmodule
    mod = import_path(
../anaconda3/lib/python3.12/site-packages/_pytest/pathlib.py:587: in import_path
    importlib.import_module(module_name)
../anaconda3/lib/python3.12/importlib/__init__.py:90: in import_module
    return _bootstrap._gcd_import(name[level:], package, level)
           ^^^^^^^^^^^^^^^^^^^^^^^^^^^^^^^^^^^^^^^^^^^^^^^^^^^^
<frozen importlib._bootstrap>:1387: in _gcd_import
    ???
<frozen importlib._bootstrap>:1360: in _find_and_load
    ???
<frozen importlib._bootstrap>:1331: in _find_and_load_unlocked
    ???
<frozen importlib._bootstrap>:935: in _load_unlocked
    ???
../anaconda3/lib/python3.12/site-packages/_pytest/assertion/rewrite.py:186: in exec_module
    exec(co, module.__dict__)
tests/test_size_factors.py:26: in <module>
    from modules.factors.size_factors import (
modules/factors/__init__.py:67: in <module>
    from .value_factors import (
E   ImportError: cannot import name 'PERatioFactor' from 'modules.factors.value_factors' (/Users/13ruce/spock/modules/factors/value_factors.py)
_______________ ERROR collecting tests/test_stock_pre_filter.py ________________
ImportError while importing test module '/Users/13ruce/spock/tests/test_stock_pre_filter.py'.
Hint: make sure your test modules/packages have valid Python names.
Traceback:
../anaconda3/lib/python3.12/site-packages/_pytest/python.py:498: in importtestmodule
    mod = import_path(
../anaconda3/lib/python3.12/site-packages/_pytest/pathlib.py:587: in import_path
    importlib.import_module(module_name)
../anaconda3/lib/python3.12/importlib/__init__.py:90: in import_module
    return _bootstrap._gcd_import(name[level:], package, level)
           ^^^^^^^^^^^^^^^^^^^^^^^^^^^^^^^^^^^^^^^^^^^^^^^^^^^^
<frozen importlib._bootstrap>:1387: in _gcd_import
    ???
<frozen importlib._bootstrap>:1360: in _find_and_load
    ???
<frozen importlib._bootstrap>:1331: in _find_and_load_unlocked
    ???
<frozen importlib._bootstrap>:935: in _load_unlocked
    ???
../anaconda3/lib/python3.12/site-packages/_pytest/assertion/rewrite.py:186: in exec_module
    exec(co, module.__dict__)
tests/test_stock_pre_filter.py:18: in <module>
    from modules.stock_pre_filter import StockPreFilter
modules/stock_pre_filter.py:32: in <module>
    from modules.integrated_scoring_system import IntegratedScoringSystem
E   ModuleNotFoundError: No module named 'modules.integrated_scoring_system'
__________ ERROR collecting tests/test_technical_filter_blacklist.py ___________
ImportError while importing test module '/Users/13ruce/spock/tests/test_technical_filter_blacklist.py'.
Hint: make sure your test modules/packages have valid Python names.
Traceback:
../anaconda3/lib/python3.12/site-packages/_pytest/python.py:498: in importtestmodule
    mod = import_path(
../anaconda3/lib/python3.12/site-packages/_pytest/pathlib.py:587: in import_path
    importlib.import_module(module_name)
../anaconda3/lib/python3.12/importlib/__init__.py:90: in import_module
    return _bootstrap._gcd_import(name[level:], package, level)
           ^^^^^^^^^^^^^^^^^^^^^^^^^^^^^^^^^^^^^^^^^^^^^^^^^^^^
<frozen importlib._bootstrap>:1387: in _gcd_import
    ???
<frozen importlib._bootstrap>:1360: in _find_and_load
    ???
<frozen importlib._bootstrap>:1331: in _find_and_load_unlocked
    ???
<frozen importlib._bootstrap>:935: in _load_unlocked
    ???
../anaconda3/lib/python3.12/site-packages/_pytest/assertion/rewrite.py:186: in exec_module
    exec(co, module.__dict__)
tests/test_technical_filter_blacklist.py:29: in <module>
    from modules.stock_pre_filter import StockPreFilter
modules/stock_pre_filter.py:32: in <module>
    from modules.integrated_scoring_system import IntegratedScoringSystem
E   ModuleNotFoundError: No module named 'modules.integrated_scoring_system'
___________ ERROR collecting tests/test_trading_engine_blacklist.py ____________
ImportError while importing test module '/Users/13ruce/spock/tests/test_trading_engine_blacklist.py'.
Hint: make sure your test modules/packages have valid Python names.
Traceback:
../anaconda3/lib/python3.12/site-packages/_pytest/python.py:498: in importtestmodule
    mod = import_path(
../anaconda3/lib/python3.12/site-packages/_pytest/pathlib.py:587: in import_path
    importlib.import_module(module_name)
../anaconda3/lib/python3.12/importlib/__init__.py:90: in import_module
    return _bootstrap._gcd_import(name[level:], package, level)
           ^^^^^^^^^^^^^^^^^^^^^^^^^^^^^^^^^^^^^^^^^^^^^^^^^^^^
<frozen importlib._bootstrap>:1387: in _gcd_import
    ???
<frozen importlib._bootstrap>:1360: in _find_and_load
    ???
<frozen importlib._bootstrap>:1331: in _find_and_load_unlocked
    ???
<frozen importlib._bootstrap>:935: in _load_unlocked
    ???
../anaconda3/lib/python3.12/site-packages/_pytest/assertion/rewrite.py:186: in exec_module
    exec(co, module.__dict__)
tests/test_trading_engine_blacklist.py:28: in <module>
    from modules.kis_trading_engine import KISTradingEngine, TradingConfig
E   ModuleNotFoundError: No module named 'modules.kis_trading_engine'
_________________ ERROR collecting tests/test_value_factors.py _________________
ImportError while importing test module '/Users/13ruce/spock/tests/test_value_factors.py'.
Hint: make sure your test modules/packages have valid Python names.
Traceback:
../anaconda3/lib/python3.12/site-packages/_pytest/python.py:498: in importtestmodule
    mod = import_path(
../anaconda3/lib/python3.12/site-packages/_pytest/pathlib.py:587: in import_path
    importlib.import_module(module_name)
../anaconda3/lib/python3.12/importlib/__init__.py:90: in import_module
    return _bootstrap._gcd_import(name[level:], package, level)
           ^^^^^^^^^^^^^^^^^^^^^^^^^^^^^^^^^^^^^^^^^^^^^^^^^^^^
<frozen importlib._bootstrap>:1387: in _gcd_import
    ???
<frozen importlib._bootstrap>:1360: in _find_and_load
    ???
<frozen importlib._bootstrap>:1331: in _find_and_load_unlocked
    ???
<frozen importlib._bootstrap>:935: in _load_unlocked
    ???
../anaconda3/lib/python3.12/site-packages/_pytest/assertion/rewrite.py:186: in exec_module
    exec(co, module.__dict__)
tests/test_value_factors.py:27: in <module>
    from modules.factors import (
modules/factors/__init__.py:67: in <module>
    from .value_factors import (
E   ImportError: cannot import name 'PERatioFactor' from 'modules.factors.value_factors' (/Users/13ruce/spock/modules/factors/value_factors.py)
=============================== warnings summary ===============================
tests/test_base_adapter.py:104
  /Users/13ruce/spock/tests/test_base_adapter.py:104: PytestCollectionWarning: cannot collect test class 'TestAdapter' because it has a __init__ constructor (from: tests/test_base_adapter.py)
    class TestAdapter(BaseMarketAdapter):

-- Docs: https://docs.pytest.org/en/stable/how-to/capture-warnings.html
=========================== short test summary info ============================
ERROR tests/test_auto_cleanup.py
ERROR tests/test_earnings_momentum_factor.py
ERROR tests/test_factor_combiner.py
ERROR tests/test_factors.py
ERROR tests/test_filtering_pipeline.py
ERROR tests/test_growth_efficiency_factors.py
ERROR tests/test_independence_validator.py
ERROR tests/test_kis_authentication_day1.py
ERROR tests/test_kis_price_and_buy_day2.py
ERROR tests/test_kis_sell_and_integration_day3.py
ERROR tests/test_kis_trading_engine.py
ERROR tests/test_performance_benchmark.py
ERROR tests/test_phase5_integration.py
ERROR tests/test_portfolio_manager.py
ERROR tests/test_quality_factors.py
ERROR tests/test_scanner_blacklist.py
ERROR tests/test_size_factors.py
ERROR tests/test_stock_pre_filter.py
ERROR tests/test_technical_filter_blacklist.py
ERROR tests/test_trading_engine_blacklist.py
ERROR tests/test_value_factors.py
!!!!!!!!!!!!!!!!!!! Interrupted: 21 errors during collection !!!!!!!!!!!!!!!!!!!
================== 1 warning, 21 errors in 164.31s (0:02:44) ===================
